{
  "status": "PASS",
  "bib_entries": 61,
  "unique_bib_keys": 61,
  "citation_occurrences": 70,
  "unique_cited_keys": 61,
  "bbl_items": 61,
  "missing_bibliography_keys": [],
  "uncited_bibliography_keys": [],
  "duplicate_keys": [],
  "duplicate_dois": [],
  "duplicate_titles": [],
  "entries_without_doi": [
    "xacml"
  ],
  "unclassified_keys": [],
  "hopcroft_matching_entries": [
    "hopcroft1973"
  ],
  "karp_reducibility_entries": [
    "karp1972"
  ],
  "pdf_pages": 12,
  "pdf_contains_reference_61": true,
  "source_pdf_sync": {
    "pdf_newer_than_tex": true,
    "pdf_newer_than_bib": true,
    "pdf_newer_than_bbl": true
  },
  "audit_csv": "reference-audit.csv",
  "minimum_reference_target": 61,
  "metadata_complete_keys": [
    "alshaer2004",
    "andrews2005",
    "berge1957",
    "bertino2001",
    "bertolino2013",
    "bertolino2014",
    "bertolino2018oracle",
    "bringhenti2025",
    "caserio2022",
    "chen2021ngac",
    "chvatal1979",
    "daoudagh2020",
    "demillo1978",
    "eiers2022",
    "elbaum2002",
    "feige1998",
    "felderer2016",
    "ferraiolo2001",
    "fisler2005",
    "gouda2007",
    "graves2001",
    "han2012",
    "hari2000",
    "hopcroft1973",
    "hu2011",
    "hu2013",
    "hu2015abac",
    "hughes2008",
    "hwang2012",
    "jha2008",
    "jia2011",
    "just2014",
    "karp1972",
    "kolovski2007",
    "letraon2007",
    "li2008multi",
    "li2009combining",
    "lonetti2018",
    "martin2006",
    "martin2007change",
    "martin2007fault",
    "mcconnell2011",
    "moffett1994",
    "morisset2019",
    "necula1997",
    "nistabac2014",
    "offutt1996",
    "papadakis2019",
    "pretschner2008",
    "rothermel1997",
    "rothermel2001",
    "sandhu1996",
    "tripunitara2007",
    "xacml",
    "xu2012model",
    "xu2016localization",
    "xu2018",
    "xu2020",
    "xu2022",
    "yoo2012",
    "yuan2006"
  ],
  "invalid_doi_keys": []
}
