=== reproduce ===
{"accepted": true, "campaign_checker_steps_upper_bound": 5522547, "campaign_cpu_seconds": 2.7588661679999995, "campaign_passed": 144, "claim": "retained finite reproducibility; not external review or a general mechanized proof", "deterministic_csv_outputs_equal": 4, "deterministic_json_outputs_equal": 294, "excluded_nondeterministic_fields": ["certificate_bytes", "cpu_seconds", "max_case_cpu_seconds", "max_certificate_bytes", "peak_rss_kib", "wall_seconds"], "independently_coded_checker_used": true, "offline": true, "owned_inputs_equal": 144, "proof_inputs_equal": 4, "wall_seconds": 8.112374556999953, "workers": 1}
	Command being timed: "python reproduce.py --output /mnt/data/final61_replay"
	User time (seconds): 8.68
	System time (seconds): 0.38
	Percent of CPU this job got: 104%
	Elapsed (wall clock) time (h:mm:ss or m:ss): 0:08.72
	Average shared text size (kbytes): 0
	Average unshared data size (kbytes): 0
	Average stack size (kbytes): 0
	Average total size (kbytes): 0
	Maximum resident set size (kbytes): 97456
	Average resident set size (kbytes): 0
	Major (requiring I/O) page faults: 0
	Minor (reclaiming a frame) page faults: 201835
	Voluntary context switches: 40
	Involuntary context switches: 95
	Swaps: 0
	File system inputs: 0
	File system outputs: 6216
	Socket messages sent: 0
	Socket messages received: 0
	Signals delivered: 0
	Page size (bytes): 4096
	Exit status: 0
